test_multiple_simultaneous_clients (test_concurrency_recovery.ConcurrencyRecoveryTests.test_multiple_simultaneous_clients) ... ok
test_repeated_connections (test_concurrency_recovery.ConcurrencyRecoveryTests.test_repeated_connections) ... ok
test_server_restart_recovery (test_concurrency_recovery.ConcurrencyRecoveryTests.test_server_restart_recovery) ... ok
test_closed_port_is_reported (test_diagnostics.DiagnosticTests.test_closed_port_is_reported) ... ok
test_linux_state_report_has_core_fields (test_diagnostics.DiagnosticTests.test_linux_state_report_has_core_fields) ... ok
test_open_port_is_detected (test_diagnostics.DiagnosticTests.test_open_port_is_detected) ... ok
test_closed_port_connection_fails (test_negative.NegativeTests.test_closed_port_connection_fails) ... ok
test_graceful_close_returns_empty_response (test_negative.NegativeTests.test_graceful_close_returns_empty_response) ... ok
test_timeout_is_detected (test_negative.NegativeTests.test_timeout_is_detected) ... ok
test_unknown_command (test_negative.NegativeTests.test_unknown_command) ... ok
test_tcp_echo (test_tcp_functional.TCPFunctionalTests.test_tcp_echo) ... ok
test_tcp_large_payload (test_tcp_functional.TCPFunctionalTests.test_tcp_large_payload) ... ok
test_tcp_latency_is_measured (test_tcp_functional.TCPFunctionalTests.test_tcp_latency_is_measured) ... ok
test_tcp_ping_pong (test_tcp_functional.TCPFunctionalTests.test_tcp_ping_pong) ... ok
test_tcp_uppercase_command (test_tcp_functional.TCPFunctionalTests.test_tcp_uppercase_command) ... ok
test_udp_echo (test_udp_functional.UDPFunctionalTests.test_udp_echo) ... ok
test_udp_invalid_command (test_udp_functional.UDPFunctionalTests.test_udp_invalid_command) ... ok
test_udp_ping_pong (test_udp_functional.UDPFunctionalTests.test_udp_ping_pong) ... ok

----------------------------------------------------------------------
Ran 18 tests in 1.464s

OK


========================================
 Linux Network Validation Framework
========================================
Total tests : 18
Passed      : 18
Failed      : 0
Errors      : 0
Pass rate   : 100.0%
Duration    : 1.464s
========================================
